Maximum path length is 668
Maximum path length is 2100
