Maximum path length is 2075
Maximum path length is 592
Maximum path length is 569
Maximum path length is 820
Maximum path length is 367
Maximum path length is 119
Maximum path length is 374
Maximum path length is 1073
Maximum path length is 1917
Maximum path length is 140
Maximum path length is 152
Maximum path length is 669
Maximum path length is 1087
Maximum path length is 689
Maximum path length is 558
Maximum path length is 636
Maximum path length is 1031
Maximum path length is 1297
Maximum path length is 375
Maximum path length is 150
Maximum path length is 149
Maximum path length is 365
Maximum path length is 564
Maximum path length is 1387
Maximum path length is 1737
Maximum path length is 235
Maximum path length is 1524
Maximum path length is 417
Maximum path length is 103
Maximum path length is 510
Maximum path length is 313
Maximum path length is 564
Maximum path length is 900
Maximum path length is 499
Maximum path length is 694
Maximum path length is 1432
Maximum path length is 373
Maximum path length is 712
Maximum path length is 6
Maximum path length is 934
Maximum path length is 142
