Maximum path length is 4
Maximum path length is 5
Maximum path length is 10
