. . . V I C T O R Y . . . 
. P . C . . . . N E R D S 
. R . . O . . . . . . . . 
. O . . . M . . . . . . . 
. G . . . . P . . . . . . 
. R . . . . . E . . . . . 
. A . . . . . . T . . . . 
. M . . . . . . . E . . . 
