Maximum path length is 2
Maximum path length is 30
